Chat endpoint hit at 2026-02-26T18:33:19.110Z
